// Jest Snapshot v1, https://goo.gl/fbAQLP

exports[`AddTab should render 1`] = `
ShallowWrapper {
  "complexSelector": ComplexSelector {
    "buildPredicate": [Function],
    "childrenOfNode": [Function],
    "findWhereUnwrapped": [Function],
  },
  "length": 1,
  "node": <form
    onSubmit={[Function]}
>
    <input
        name="user"
        onChange={[Function]}
        type="text"
        value=""
    />
    <input
        name="pass"
        onChange={[Function]}
        type="password"
        value=""
    />
    <input
        type="submit"
    />
</form>,
  "nodes": Array [
    <form
      onSubmit={[Function]}
>
      <input
            name="user"
            onChange={[Function]}
            type="text"
            value=""
      />
      <input
            name="pass"
            onChange={[Function]}
            type="password"
            value=""
      />
      <input
            type="submit"
      />
</form>,
  ],
  "options": Object {},
  "renderer": ReactShallowRenderer {
    "_instance": ShallowComponentWrapper {
      "_calledComponentWillUnmount": false,
      "_compositeType": 0,
      "_context": Object {},
      "_currentElement": <LoginForm
        submitLogin={[Function]}
/>,
      "_debugID": 1,
      "_hostContainerInfo": null,
      "_hostParent": null,
      "_instance": LoginForm {
        "_reactInternalInstance": [Circular],
        "context": Object {},
        "props": Object {
          "submitLogin": [Function],
        },
        "refs": Object {},
        "state": Object {
          "pass": "",
          "user": "",
        },
        "updater": Object {
          "enqueueCallback": [Function],
          "enqueueCallbackInternal": [Function],
          "enqueueElementInternal": [Function],
          "enqueueForceUpdate": [Function],
          "enqueueReplaceState": [Function],
          "enqueueSetState": [Function],
          "isMounted": [Function],
          "validateCallback": [Function],
        },
      },
      "_mountOrder": 1,
      "_pendingCallbacks": null,
      "_pendingElement": null,
      "_pendingForceUpdate": false,
      "_pendingReplaceState": false,
      "_pendingStateQueue": null,
      "_renderedComponent": NoopInternalComponent {
        "_currentElement": <form
          onSubmit={[Function]}
>
          <input
                    name="user"
                    onChange={[Function]}
                    type="text"
                    value=""
          />
          <input
                    name="pass"
                    onChange={[Function]}
                    type="password"
                    value=""
          />
          <input
                    type="submit"
          />
</form>,
        "_debugID": 2,
        "_renderedOutput": <form
          onSubmit={[Function]}
>
          <input
                    name="user"
                    onChange={[Function]}
                    type="text"
                    value=""
          />
          <input
                    name="pass"
                    onChange={[Function]}
                    type="password"
                    value=""
          />
          <input
                    type="submit"
          />
</form>,
      },
      "_renderedNodeType": 0,
      "_rootNodeID": 0,
      "_topLevelWrapper": null,
      "_updateBatchNumber": null,
      "_warnedAboutRefsInRender": false,
    },
    "getRenderOutput": [Function],
    "render": [Function],
  },
  "root": [Circular],
  "unrendered": <LoginForm
    submitLogin={[Function]}
/>,
}
`;
